// Jest Snapshot v1, https://goo.gl/fbAQLP

exports[`Backend Permission New Container renders correctly 1`] = `
<section>
  <header
    className="drawer-header"
  >
    <h2
      className="drawer-header__title"
    >
      <span
        className="drawer-header__title-text"
      >
        Grant Permissions
      </span>
    </h2>
  </header>
  <section>
    <div>
      <form
        className="form-secondary permissions-form"
        data-id="submit"
        onSubmit={[Function]}
      >
        <div
          className="form-input"
          style={Object {}}
        >
          <nav
            className="fetch-select"
          >
            <div
              className="fetch-select__trigger"
              onClick={[Function]}
              role="button"
            >
              Select User
              <svg
                aria-hidden={true}
                className="manicon-svg fetch-select__trigger-icon svg-icon--disclosureDown16"
                fill="currentColor"
                height={20}
                viewBox="0 0 16 16"
                width={20}
                xmlns="http://www.w3.org/2000/svg"
              >
                <polygon
                  points="8 9.702 13.356 5 13.999 5.733 8 10.999 2 5.733 2.643 5"
                />
              </svg>
            </div>
            <ul
              className="fetch-select__list"
            />
          </nav>
        </div>
        <div
          className="form-input"
          style={Object {}}
        >
          <div
            aria-describedby="1-instructions"
            aria-labelledby="1-header"
            className="form-section horizontal form-section--primary"
            role="group"
          >
            <header
              className="form-section-label"
            >
              <h2
                id="1-header"
              >
                Permissions
              </h2>
            </header>
            <div
              className="form-input-group form-input-group--primary"
            >
              <div
                className="form-input"
              >
                <label
                  className="form-switch"
                  htmlFor="switch-input-1"
                >
                  <span
                    className="form-input-heading toggle above"
                  >
                    Can modify project?
                  </span>
                  <input
                    checked={false}
                    id="switch-input-1"
                    onChange={[Function]}
                    type="checkbox"
                  />
                  <span
                    className="toggle-indicator"
                  >
                    <span
                      aria-hidden="true"
                      className="boolean-primary"
                    />
                  </span>
                </label>
              </div>
              <div
                className="form-input"
              >
                <label
                  className="form-switch"
                  htmlFor="switch-input-1"
                >
                  <span
                    className="form-input-heading toggle above"
                  >
                    Can modify resource metadata?
                  </span>
                  <input
                    checked={false}
                    id="switch-input-1"
                    onChange={[Function]}
                    type="checkbox"
                  />
                  <span
                    className="toggle-indicator"
                  >
                    <span
                      aria-hidden="true"
                      className="boolean-primary"
                    />
                  </span>
                </label>
              </div>
              <div
                className="form-input"
              >
                <label
                  className="form-switch"
                  htmlFor="switch-input-1"
                >
                  <span
                    className="form-input-heading toggle above"
                  >
                    Is a project author?
                  </span>
                  <input
                    checked={false}
                    id="switch-input-1"
                    onChange={[Function]}
                    type="checkbox"
                  />
                  <span
                    className="toggle-indicator"
                  >
                    <span
                      aria-hidden="true"
                      className="boolean-primary"
                    />
                  </span>
                </label>
              </div>
            </div>
          </div>
        </div>
        <div
          className="form-input submit wide"
        >
          <input
            className="button-secondary button-secondary--outlined"
            type="submit"
            value="Save Permissions"
          />
        </div>
      </form>
    </div>
  </section>
</section>
`;
