// Jest Snapshot v1, https://goo.gl/fbAQLP

exports[`reader/components/control-menu/Button matches the snapshot 1`] = `
<button
  aria-haspopup={true}
  className="reader-header__button reader-header__button--pad-narrow"
  data-id="toggle-Notes"
  onClick={[Function]}
>
  <IconComposer
    fill="currentColor"
    icon="notes24"
    size={32}
    svgProps={
      Object {
        "aria-hidden": true,
      }
    }
  />
  <span
    className="screen-reader-text"
  >
    Notes
  </span>
</button>
`;
