// Jest Snapshot v1, https://goo.gl/fbAQLP

exports[`backend/components/resource/form/kind/File matches the snapshot 1`] = `
<HigherOrder.FetchData('Form.Upload)
  accepts="all"
  fileNameFrom="attributes[attachmentFileName]"
  label="File"
  layout="square"
  name="attributes[attachment]"
  readFrom="attributes[attachmentStyles][original]"
  remove="attributes[removeAttachment]"
/>
`;
