// Jest Snapshot v1, https://goo.gl/fbAQLP

exports[`Backend.Form.TextInput component renders correctly 1`] = `
<div
  className="form-input"
  style={Object {}}
>
  <label
    className=""
    htmlFor="text-input-15"
  >
    A form label
  </label>
  <input
    aria-describedby="text-input-error-16"
    id="text-input-15"
    onChange={[Function]}
    placeholder={undefined}
    type="text"
    value=""
  />
</div>
`;
