// Jest Snapshot v1, https://goo.gl/fbAQLP

exports[`Global.MetaList component renders correctly 1`] = `
<div>
  <ul
    className="meta-list-primary"
  />
  <ul
    className="meta-list-primary columnar"
  >
    <li>
      <span
        className="meta-label"
      >
        release date
      </span>
      <div
        className="meta-value"
        dangerouslySetInnerHTML={
          Object {
            "__html": "April 26, 1994",
          }
        }
      />
    </li>
    <li>
      <span
        className="meta-label"
      >
        title
      </span>
      <div
        className="meta-value"
        dangerouslySetInnerHTML={
          Object {
            "__html": "Southernplayalisticadillacmuzik",
          }
        }
      />
    </li>
  </ul>
</div>
`;
