// Jest Snapshot v1, https://goo.gl/fbAQLP

exports[`Global.SearchMenuBody component renders correctly 1`] = `
<nav
  className="search-menu"
>
  <form>
    <div
      className="input-magnify"
    >
      <input
        placeholder="Search for..."
        type="text"
      />
      <button
        className="manicon manicon-magnify"
      />
    </div>
    <div
      className="filters"
    >
      <label>
        Search within:
      </label>
      <div
        className="checkbox-group"
      >
        <label
          className="checkbox"
        >
          <input
            type="checkbox"
          />
          <div
            className="control-indicator"
          >
            <i
              className="manicon manicon-check"
            />
          </div>
          Chapter
        </label>
        <label
          className="checkbox"
        >
          <input
            type="checkbox"
          />
          <div
            className="control-indicator"
          >
            <i
              className="manicon manicon-check"
            />
          </div>
          Text
        </label>
        <label
          className="checkbox"
        >
          <input
            type="checkbox"
          />
          <div
            className="control-indicator"
          >
            <i
              className="manicon manicon-check"
            />
          </div>
          Project
        </label>
      </div>
    </div>
  </form>
</nav>
`;
