// Jest Snapshot v1, https://goo.gl/fbAQLP

exports[`Frontend Home Container renders correctly 1`] = `
<div
  style={
    Object {
      "overflowX": "hidden",
    }
  }
>
  <section>
    <div
      className="container"
    >
      <header
        className="section-heading"
      >
        <div
          className="main"
        >
          <i
            aria-hidden="true"
            className="manicon manicon-lamp"
          />
          <div
            className="body"
          >
            <h4
              className="title"
            >
              Featured Projects
            </h4>
          </div>
        </div>
      </header>
      <nav
        className="grid-project"
      >
        <ul>
          <li>
            <a
              href="/projects/slug-1"
              onClick={[Function]}
            >
              <figure
                className="cover"
              >
                <div>
                  <button
                    className="screen-reader-text"
                    onClick={[Function]}
                  >
                    add Rowan Test
                  </button>
                  <div
                    aria-hidden="true"
                    className="add project-cover-button-wrapper"
                    onClick={[Function]}
                    onMouseEnter={[Function]}
                    onMouseLeave={[Function]}
                    role="presentation"
                  >
                    <div
                      aria-hidden="true"
                      className="project-cover-button"
                    >
                      <div
                        className="icons"
                      >
                        <i
                          className="manicon manicon-minus-bold"
                        />
                        <i
                          className="manicon manicon-check-bold"
                        />
                        <i
                          className="manicon manicon-plus-bold"
                        />
                      </div>
                      <span>
                        <span
                          className="action-text"
                        >
                          Follow
                        </span>
                      </span>
                    </div>
                  </div>
                </div>
              </figure>
              <div
                className="meta"
              >
                <h3
                  className="title"
                >
                  Rowan Test
                </h3>
              </div>
            </a>
          </li>
          <li>
            <a
              href="/projects/slug-2"
              onClick={[Function]}
            >
              <figure
                className="cover"
              >
                <div>
                  <button
                    className="screen-reader-text"
                    onClick={[Function]}
                  >
                    add Rowan Test
                  </button>
                  <div
                    aria-hidden="true"
                    className="add project-cover-button-wrapper"
                    onClick={[Function]}
                    onMouseEnter={[Function]}
                    onMouseLeave={[Function]}
                    role="presentation"
                  >
                    <div
                      aria-hidden="true"
                      className="project-cover-button"
                    >
                      <div
                        className="icons"
                      >
                        <i
                          className="manicon manicon-minus-bold"
                        />
                        <i
                          className="manicon manicon-check-bold"
                        />
                        <i
                          className="manicon manicon-plus-bold"
                        />
                      </div>
                      <span>
                        <span
                          className="action-text"
                        >
                          Follow
                        </span>
                      </span>
                    </div>
                  </div>
                </div>
              </figure>
              <div
                className="meta"
              >
                <h3
                  className="title"
                >
                  Rowan Test
                </h3>
              </div>
            </a>
          </li>
        </ul>
      </nav>
    </div>
  </section>
  <section
    className="bg-neutral05"
  >
    <div
      className="container"
    >
      <header
        className="section-heading"
      >
        <div
          className="main"
        >
          <i
            aria-hidden="true"
            className="manicon manicon-books-on-shelf"
          />
          <div
            className="body"
          >
            <h4
              className="title"
            >
              Our Projects
            </h4>
          </div>
        </div>
        <div
          className="utility right"
        >
          <div
            className="select-browse"
          >
            <select
              defaultValue="featured"
              onChange={[Function]}
            >
              <option
                value=""
              >
                Show All
              </option>
              <option
                value="featured"
              >
                Featured Projects
              </option>
            </select>
            <i
              aria-hidden="true"
              className="manicon manicon-caret-down"
            />
          </div>
        </div>
      </header>
    </div>
  </section>
  <section
    className="show-50"
  >
    <div
      className="container"
    >
      <nav
        className="button-nav"
      >
        <a
          className="button-icon-primary"
          href="/following"
          onClick={[Function]}
        >
          <span>
            <i
              aria-hidden="true"
              className="manicon manicon-books-with-glasses"
            />
            Projects You're Following 
          </span>
        </a>
      </nav>
    </div>
  </section>
</div>
`;
