// Jest Snapshot v1, https://goo.gl/fbAQLP

exports[`Reader.Notes.FilteredList Component renders correctly 1`] = `
<div>
  <div
    className="drawer-bar"
  >
    <h2
      className="drawer-bar__title drawer-bar__title--large"
    >
      <div
        className="drawer-bar__title-button"
        onClick={[MockFunction]}
        role="button"
        tabIndex="0"
      >
        Your Notes
      </div>
    </h2>
    <button
      className="button-primary"
      onClick={[MockFunction]}
    >
      <span
        className="button-primary__text"
      >
        See all
      </span>
    </button>
  </div>
  <fieldset
    className="filters"
  >
    <div
      className="notes-drawer__filters-inner"
    >
      <legend
        className="label"
      >
        Show your:
      </legend>
      <div
        className="checkbox-group"
      >
        <label
          className="checkbox"
          htmlFor="highlight-checkbox"
        >
          <input
            checked={true}
            id="highlight-checkbox"
            onChange={[Function]}
            type="checkbox"
          />
          <div
            aria-hidden="true"
            className="checkbox__indicator"
          >
            <svg
              aria-hidden={true}
              className="manicon-svg checkbox__icon svg-icon--checkmark16"
              height={16}
              viewBox="0 0 16 16"
              width={16}
              xmlns="http://www.w3.org/2000/svg"
            >
              <polygon
                fill="currentColor"
                fillRule="nonzero"
                points="14.204 2.5 6.411 12.011 1.721 7.432 1 8.135 6.495 13.5 15 3.122"
              />
            </svg>
          </div>
          Highlights
        </label>
        <label
          className="checkbox"
          htmlFor="annotation-checkbox"
        >
          <input
            checked={true}
            id="annotation-checkbox"
            onChange={[Function]}
            type="checkbox"
          />
          <div
            aria-hidden="true"
            className="checkbox__indicator"
          >
            <svg
              aria-hidden={true}
              className="manicon-svg checkbox__icon svg-icon--checkmark16"
              height={16}
              viewBox="0 0 16 16"
              width={16}
              xmlns="http://www.w3.org/2000/svg"
            >
              <polygon
                fill="currentColor"
                fillRule="nonzero"
                points="14.204 2.5 6.411 12.011 1.721 7.432 1 8.135 6.495 13.5 15 3.122"
              />
            </svg>
          </div>
          Annotations
        </label>
      </div>
    </div>
  </fieldset>
  <nav>
    <ul>
      <li>
        <div
          aria-expanded={false}
          className="item"
          onClick={[Function]}
          role="button"
          tabIndex="0"
        >
          <svg
            aria-hidden={true}
            className="manicon-svg item__disclosure-icon svg-icon--disclosureDown16"
            fill="currentColor"
            height={18}
            viewBox="0 0 16 16"
            width={18}
            xmlns="http://www.w3.org/2000/svg"
          >
            <polygon
              points="8 9.702 13.356 5 13.999 5.733 8 10.999 2 5.733 2.643 5"
            />
          </svg>
          <h4
            className="item-label"
          >
            Test
          </h4>
        </div>
      </li>
    </ul>
  </nav>
</div>
`;
