// Jest Snapshot v1, https://goo.gl/fbAQLP

exports[`Backend Text Wrapper Container renders correctly 1`] = `
<div>
  <section
    className="backend-header"
  >
    <nav
      className="breadcrumb-primary"
    >
      <div
        className="container flush"
      >
        <a
          href="/backend/projects/4/texts"
          onClick={[Function]}
        >
          <i
            aria-hidden="true"
            className="manicon manicon-arrow-left"
          />
          Rowan Test
        </a>
      </div>
    </nav>
    <div
      className="wrapper"
    >
      <header
        className="entity-header-primary"
      >
        <figure>
          <i
            className="manicon manicon-text-placeholder"
          />
        </figure>
        <div
          className="title"
        >
          <h1>
            Ain't No Thang
            <span
              className="subtitle"
            />
          </h1>
          <div
            className="utility"
          >
            <div>
              <button
                className="button-bare-primary"
                onClick={[Function]}
              >
                <i
                  aria-hidden="true"
                  className="manicon manicon-eye-outline"
                />
                Preview
                 
              </button>
              <button
                className="button-bare-primary"
                onClick={[Function]}
              >
                <i
                  aria-hidden="true"
                  className="manicon manicon-trashcan"
                />
                Delete
              </button>
            </div>
          </div>
        </div>
      </header>
    </div>
    <div>
      <nav
        className="dropdown-nav section-nav"
      >
        <button
          className="trigger"
          onClick={[Function]}
        >
          <div
            className="selected"
          >
            
            <i
              className="manicon manicon-caret-up"
            />
          </div>
        </button>
        <ul>
          <li>
            <a
              aria-current={null}
              className={undefined}
              href="/backend/projects/text/1/general"
              onClick={[Function]}
              style={undefined}
            >
              General
            </a>
          </li>
          <li>
            <a
              aria-current={null}
              className={undefined}
              href="/backend/projects/text/1/collaborators"
              onClick={[Function]}
              style={undefined}
            >
              People
            </a>
          </li>
          <li>
            <a
              aria-current={null}
              className={undefined}
              href="/backend/projects/text/1/metadata"
              onClick={[Function]}
              style={undefined}
            >
              Metadata
            </a>
          </li>
          <li>
            <a
              aria-current={null}
              className={undefined}
              href="/backend/projects/text/1/styles"
              onClick={[Function]}
              style={undefined}
            >
              Styles
            </a>
          </li>
          <li>
            <a
              aria-current={null}
              className={undefined}
              href="/backend/projects/text/1/ingestions/new"
              onClick={[Function]}
              style={undefined}
            >
              Reingest
            </a>
          </li>
        </ul>
      </nav>
    </div>
  </section>
  <section
    className="backend-panel"
  >
    <a
      className="screen-reader-text"
      href="#skip-to-text-panel"
      onClick={[Function]}
    >
      Skip to main content
    </a>
    <div
      className="container"
    >
      <div>
        <aside
          className="aside"
        >
          <nav
            className="secondary-nav panel-nav"
          >
            <ul>
              <li>
                <a
                  aria-current={null}
                  className={undefined}
                  href="/backend/projects/text/1/general"
                  onClick={[Function]}
                  style={undefined}
                >
                  General
                </a>
              </li>
              <li>
                <a
                  aria-current={null}
                  className={undefined}
                  href="/backend/projects/text/1/collaborators"
                  onClick={[Function]}
                  style={undefined}
                >
                  People
                </a>
              </li>
              <li>
                <a
                  aria-current={null}
                  className={undefined}
                  href="/backend/projects/text/1/metadata"
                  onClick={[Function]}
                  style={undefined}
                >
                  Metadata
                </a>
              </li>
              <li>
                <a
                  aria-current={null}
                  className={undefined}
                  href="/backend/projects/text/1/styles"
                  onClick={[Function]}
                  style={undefined}
                >
                  Styles
                </a>
              </li>
              <li>
                <a
                  aria-current={null}
                  className={undefined}
                  href="/backend/projects/text/1/ingestions/new"
                  onClick={[Function]}
                  style={undefined}
                >
                  Reingest
                </a>
              </li>
            </ul>
          </nav>
        </aside>
      </div>
      <div
        className="panel"
        id="skip-to-text-panel"
      />
    </div>
  </section>
</div>
`;
