// Jest Snapshot v1, https://goo.gl/fbAQLP

exports[`Frontend Home Container renders correctly 1`] = `
<div
  style={
    Object {
      "overflowX": "hidden",
    }
  }
>
  <section
    className=""
  >
    <div
      className="container"
    >
      <nav
        className="button-nav"
      >
        <a
          className="button-icon-primary"
          href="/projects/all"
          onClick={[Function]}
        >
          <span>
            <i
              aria-hidden="true"
              className="manicon manicon-books-on-shelf"
            />
            See All Projects
          </span>
        </a>
        <a
          className="button-icon-primary"
          href="/following"
          onClick={[Function]}
        >
          <span>
            <i
              aria-hidden="true"
              className="manicon manicon-books-with-glasses"
            />
            Projects You’re Following
          </span>
        </a>
      </nav>
    </div>
  </section>
</div>
`;

exports[`Frontend Home Container renders correctly with project collections present 1`] = `
<div
  style={
    Object {
      "overflowX": "hidden",
    }
  }
>
  <section
    className=""
  >
    <div
      className="container"
    >
      <nav
        className="button-nav"
      >
        <a
          className="button-icon-primary"
          href="/projects/all"
          onClick={[Function]}
        >
          <span>
            <i
              aria-hidden="true"
              className="manicon manicon-books-on-shelf"
            />
            See All Projects
          </span>
        </a>
        <a
          className="button-icon-primary"
          href="/following"
          onClick={[Function]}
        >
          <span>
            <i
              aria-hidden="true"
              className="manicon manicon-books-with-glasses"
            />
            Projects You’re Following
          </span>
        </a>
      </nav>
    </div>
  </section>
</div>
`;
