// Jest Snapshot v1, https://goo.gl/fbAQLP

exports[`Global.SignInUp.Update component renders correctly 1`] = `
<form
  autoComplete="off"
  className="sign-in-up-update"
  method="post"
  onSubmit={[Function]}
>
  <div>
    <h4
      className="form-heading"
    >
      Hello,
       
      <span
        className="nickname"
      >
        Rowan
      </span>
      .
    </h4>
    <p
      className="overlay-copy"
    >
      Would you like to update your Nickname?
    </p>
  </div>
  <div
    className="row-1-p"
  >
    <div
      className="form-input"
      style={Object {}}
    >
      <input
        id="update-nickname"
        name="nickname"
        onChange={[Function]}
        placeholder="Nickname"
        type="text"
        value=""
      />
    </div>
  </div>
  <div
    className="row-1-p"
  >
    <p
      className="overlay-copy"
    >
      While you're here, why not upload a profile image?
    </p>
  </div>
  <div
    className="row-1-p"
  >
    <div
      className="form-input form-error"
    >
      <input
        className="button-secondary button-with-room"
        type="submit"
        value="Save Changes"
      />
    </div>
  </div>
</form>
`;
