// Jest Snapshot v1, https://goo.gl/fbAQLP

exports[`Backend People Makers Edit Container renders correctly 1`] = `
<div>
  <header
    className="drawer-header"
  >
    <h2
      className="heading-quaternary"
    >
      Rowan Ida
    </h2>
    <div
      className="buttons-bare-vertical"
    >
      <button
        className="button-bare-primary"
        onClick={[Function]}
      >
        Delete Maker
        <i
          aria-hidden="true"
          className="manicon manicon-trashcan"
        />
      </button>
    </div>
  </header>
  <section
    className="form-section"
  >
    <div>
      <form
        className="form-secondary"
        data-id="submit"
        onSubmit={[Function]}
      >
        <div
          className="form-input"
          style={Object {}}
        >
          <label
            className=""
            htmlFor="attributes[prefix]-text-input-1"
          >
            Title
          </label>
          <input
            aria-describedby="attributes[prefix]-text-input-1"
            id="attributes[prefix]-text-input-1"
            onChange={[Function]}
            placeholder="Title"
            type="text"
            value=""
          />
        </div>
        <div
          className="form-input"
          style={Object {}}
        >
          <label
            className=""
            htmlFor="attributes[firstName]-text-input-1"
          >
            First Name
          </label>
          <input
            aria-describedby="attributes[firstName]-text-input-1"
            id="attributes[firstName]-text-input-1"
            onChange={[Function]}
            placeholder="First Name"
            type="text"
            value="Rowan"
          />
        </div>
        <div
          className="form-input"
          style={Object {}}
        >
          <label
            className=""
            htmlFor="attributes[middleName]-text-input-1"
          >
            Middle Name
          </label>
          <input
            aria-describedby="attributes[middleName]-text-input-1"
            id="attributes[middleName]-text-input-1"
            onChange={[Function]}
            placeholder="Middle Name"
            type="text"
            value=""
          />
        </div>
        <div
          className="form-input"
          style={Object {}}
        >
          <label
            className=""
            htmlFor="attributes[lastName]-text-input-1"
          >
            Last Name
          </label>
          <input
            aria-describedby="attributes[lastName]-text-input-1"
            id="attributes[lastName]-text-input-1"
            onChange={[Function]}
            placeholder="Last Name"
            type="text"
            value="Ida"
          />
        </div>
        <div
          className="form-input"
          style={Object {}}
        >
          <label
            className=""
            htmlFor="attributes[suffix]-text-input-1"
          >
            Suffix
          </label>
          <input
            aria-describedby="attributes[suffix]-text-input-1"
            id="attributes[suffix]-text-input-1"
            onChange={[Function]}
            placeholder="Suffix"
            type="text"
            value=""
          />
        </div>
        <div
          className="form-input"
        >
          <div
            className="form-input"
            style={Object {}}
          >
            <label
              className=""
              htmlFor="upload-1"
            >
              Avatar Image
            </label>
            <react-dropzone
              accepts={
                Object {
                  "accepts": "image/*",
                  "extensions": "gif, jpeg, jpg, png",
                }
              }
              className="form-dropzone style-square"
              inputProps={
                Object {
                  "aria-describedby": "upload-error-1",
                  "id": "upload-1",
                }
              }
              multiple={false}
              onDrop={[Function]}
            >
              <div
                className="contents-empty"
              >
                <i
                  aria-hidden="true"
                  className="manicon manicon-cloud-up"
                />
                <div
                  className="message"
                >
                  <p
                    className="primary"
                  >
                    <span
                      className="fake-link"
                      role="button"
                      tabIndex="0"
                    >
                      Upload a file
                    </span>
                     or 
                    <br />
                    drag and drop here
                    <br />
                  </p>
                  <p
                    className="secondary"
                  >
                    gif, jpeg, jpg, png
                  </p>
                </div>
              </div>
            </react-dropzone>
          </div>
        </div>
        <div
          className="form-input submit wide"
        >
          <input
            className="button-secondary outlined"
            type="submit"
            value="Save Maker"
          />
        </div>
      </form>
    </div>
  </section>
</div>
`;
