// Jest Snapshot v1, https://goo.gl/fbAQLP

exports[`Global HigherOrder Authorize Container renders correctly to null when ability doesn't match 1`] = `null`;

exports[`Global HigherOrder Authorize Container renders correctly to null when kind doesn't match 1`] = `null`;

exports[`Global HigherOrder Authorize Container renders correctly when ability matches 1`] = `
<div>
  How is babby formed?
</div>
`;

exports[`Global HigherOrder Authorize Container renders correctly when kind matches 1`] = `
<div>
  How is babby formed?
</div>
`;
