// Jest Snapshot v1, https://goo.gl/fbAQLP

exports[`global/components/utility/Entitycount matches the snapshot 1`] = `
<Global.Utility.EntityCount.Range
  pagination={
    Object {
      "currentPage": 1,
      "nextPage": 2,
      "perPage": 1,
      "prevPage": 0,
      "totalCount": 2,
      "totalPages": 2,
    }
  }
  unit="baby"
/>
`;
