// Jest Snapshot v1, https://goo.gl/fbAQLP

exports[`Backend Project Events Container renders correctly 1`] = `
<section>
  <header
    className="section-heading-secondary"
  >
    <h3>
      Events
       
      <i
        aria-hidden="true"
        className="manicon manicon-bugle"
      />
    </h3>
  </header>
  <div>
    <form
      className="form-search-filter"
      onSubmit={[Function]}
    >
      <div
        className="search"
      >
        <button>
          <i
            aria-hidden="true"
            className="manicon manicon-magnify"
          />
          <span
            className="screen-reader-text"
          >
            Click to search
          </span>
        </button>
        <input
          onChange={[Function]}
          placeholder="Search..."
          type="text"
          value=""
        />
      </div>
      <div
        className="button-row"
      >
        <button
          className="button-bare-primary"
          data-id="filter-toggle"
          onClick={[Function]}
        >
          Show Search Options
        </button>
        <button
          className="button-bare-primary reset"
          onClick={[Function]}
        >
          Reset Search
        </button>
      </div>
    </form>
    <nav
      className="vertical-list-primary tile-list"
    >
      <div>
        <p
          className="list-total"
        >
          Showing 
          <span>
            1-1
          </span>
           of 
          <span>
            2
          </span>
           events: 
        </p>
        <section>
          <ul>
            <li
              className="list-item"
            >
              <div
                className="event-tile"
              >
                <div
                  className="event-data"
                >
                  <div>
                    <i
                      className="manicon manicon-book-opening"
                    />
                    <h5
                      className="event-title"
                      dangerouslySetInnerHTML={
                        Object {
                          "__html": "New Text",
                        }
                      }
                    />
                    <span
                      className="event-date"
                    >
                      <span>
                        Text Added April 24th, 2017
                      </span>
                    </span>
                  </div>
                </div>
              </div>
              <div
                className="utility"
                data-id="destroy"
                onClick={[Function]}
              >
                <i
                  aria-hidden="true"
                  className="manicon manicon-trashcan"
                />
                <span
                  className="screen-reader-text"
                >
                  Delete Event
                </span>
              </div>
            </li>
            <li
              className="list-item"
            >
              <div
                className="event-tile"
              >
                <div
                  className="event-data"
                >
                  <div>
                    <i
                      className="manicon manicon-book-opening"
                    />
                    <h5
                      className="event-title"
                      dangerouslySetInnerHTML={
                        Object {
                          "__html": "New Text",
                        }
                      }
                    />
                    <span
                      className="event-date"
                    >
                      <span>
                        Text Added April 24th, 2017
                      </span>
                    </span>
                  </div>
                </div>
              </div>
              <div
                className="utility"
                data-id="destroy"
                onClick={[Function]}
              >
                <i
                  aria-hidden="true"
                  className="manicon manicon-trashcan"
                />
                <span
                  className="screen-reader-text"
                >
                  Delete Event
                </span>
              </div>
            </li>
          </ul>
        </section>
      </div>
    </nav>
    <nav
      className="list-pagination-secondary"
    >
      <ul>
        <li
          className="pagination-previous disabled"
        >
          <a
            data-id="page-prev"
            href="#pagination-target"
            onClick={[Function]}
          >
            <i
              aria-hidden="true"
              className="manicon manicon-arrow-long-left"
            />
            <span
              aria-hidden="true"
            >
              Prev
            </span>
            <span
              className="screen-reader-text"
            >
              Previous Page
            </span>
          </a>
        </li>
        <li
          className="active ordinal"
        >
          <a
            href="#pagination-target"
            onClick={[Function]}
          >
            <span
              aria-hidden="true"
            >
              1
            </span>
            <span
              className="screen-reader-text"
            >
              Go to page: 
              1
            </span>
          </a>
        </li>
        <li
          className="ordinal"
        >
          <a
            href="#pagination-target"
            onClick={[Function]}
          >
            <span
              aria-hidden="true"
            >
              2
            </span>
            <span
              className="screen-reader-text"
            >
              Go to page: 
              2
            </span>
          </a>
        </li>
        <li
          className="pagination-next "
        >
          <a
            data-id="page-next"
            href="#pagination-target"
            onClick={[Function]}
          >
            <span
              className="screen-reader-text"
            >
              Next Page
            </span>
            <span
              aria-hidden="true"
            >
              Next
            </span>
            <i
              aria-hidden="true"
              className="manicon manicon-arrow-long-right"
            />
          </a>
        </li>
      </ul>
    </nav>
  </div>
</section>
`;
