// Jest Snapshot v1, https://goo.gl/fbAQLP

exports[`Backend Project Log Container renders correctly 1`] = `
<div
  className="entity-list"
  id="entities-list1"
>
  <h3
    className="entity-list__title-block entity-list__title"
  >
    <figure
      className="entity-list__title-icon"
    >
      <svg
        aria-hidden={true}
        className="manicon-svg svg-icon--BEActivity64"
        fill="currentColor"
        height={null}
        viewBox="0 0 64 64"
        width={null}
        xmlns="http://www.w3.org/2000/svg"
      >
        <polygon
          points="22.791 18.269 15.088 36.872 3.991 36.872 3.991 34.872 13.752 34.872 22.947 12.661 34.599 45.963 44.925 23.154 49.777 34.872 60.009 34.872 60.009 36.872 48.441 36.872 44.843 28.184 34.361 51.339"
        />
      </svg>
    </figure>
    Project Changes
  </h3>
  <div
    className="entity-list__contents-wrapper"
  >
    <div
      className="entity-list__header"
    >
      <div
        className="entity-list__count"
      >
        <p
          className="list-total"
        >
          Showing 
          <span>
            1-1
          </span>
           of 
          <span>
            2
          </span>
           changes: 
        </p>
      </div>
    </div>
    <ul
      className="entity-list__list entity-list__list--rows"
    >
      <li
        className="entity-row entity-list__entity"
      >
        <div
          className="entity-row__inner entity-row__inner--in-rows"
        >
          <div
            className="entity-row__text entity-row__text--in-rows"
          >
            <h4
              className="entity-row__title entity-row__title--in-rows"
            >
              <span
                className="entity-row__title-inner"
              >
                <span>
                  <a
                    className="entity-row__link--inverted"
                    href="/backend/records/users/1"
                    onClick={[Function]}
                  >
                    Nas
                  </a>
                   updated the Resource, “
                  <a
                    className="entity-row__link--inverted"
                    dangerouslySetInnerHTML={
                      Object {
                        "__html": "The World Is Yours",
                      }
                    }
                    href="/backend/projects/resource/1"
                    onClick={[Function]}
                  />
                  ”, 
                  <time
                    dateTime="2017-04-24"
                  >
                    on April 24, 2017
                  </time>
                </span>
              </span>
              <span
                className="aria-describedby"
                id="undefined1-describedby"
              >
                View [object Object]
              </span>
            </h4>
            <h6
              className="entity-row__meta entity-row__meta--in-rows"
            >
              <span>
                These fields were modified: 
                <em>
                  title
                </em>
              </span>
            </h6>
          </div>
        </div>
      </li>
      <li
        className="entity-row entity-list__entity"
      >
        <div
          className="entity-row__inner entity-row__inner--in-rows"
        >
          <div
            className="entity-row__text entity-row__text--in-rows"
          >
            <h4
              className="entity-row__title entity-row__title--in-rows"
            >
              <span
                className="entity-row__title-inner"
              >
                <span>
                  <a
                    className="entity-row__link--inverted"
                    href="/backend/records/users/1"
                    onClick={[Function]}
                  >
                    Nas
                  </a>
                   updated this project 
                  <time
                    dateTime="2017-04-24"
                  >
                    on April 24, 2017
                  </time>
                </span>
              </span>
              <span
                className="aria-describedby"
                id="undefined1-describedby"
              >
                View [object Object]
              </span>
            </h4>
            <h6
              className="entity-row__meta entity-row__meta--in-rows"
            >
              <span>
                These fields were modified: 
                <em>
                  title
                </em>
              </span>
            </h6>
          </div>
        </div>
      </li>
    </ul>
    <div
      className="entity-list__pagination"
    >
      <nav
        className="list-pagination"
      >
        <ul
          className="list-pagination__columns"
        >
          <li
            className="list-pagination__column"
          >
            <ul>
              <li
                className="list-pagination__page list-pagination__page--prev list-pagination__page--disabled"
              >
                <a
                  disabled={true}
                  href="#entities-list1"
                  onClick={[Function]}
                >
                  <svg
                    aria-hidden={true}
                    className="manicon-svg svg-icon--arrowLongLeft16"
                    fill="currentColor"
                    height={null}
                    viewBox="0 0 24 16"
                    width={null}
                    xmlns="http://www.w3.org/2000/svg"
                  >
                    <path
                      d="M19.9210555,8.50098377 L2,8.50098377 L2,7.49848233 L19.9183709,7.49848233 L14.6653905,2.76142495 L15.3486096,2 L22.0012062,7.99920999 L15.3651285,14 L14.6808716,13.2395122 L19.9210555,8.50098377 Z"
                      transform="rotate(180 12 8)"
                    />
                  </svg>
                  <span
                    className="list-pagination__icon-label"
                  >
                    PREV
                  </span>
                </a>
              </li>
            </ul>
          </li>
          <li
            className="list-pagination__column-middle"
          >
            <ul
              className="list-pagination__pages"
            >
              <li
                className="list-pagination__page list-pagination__page--ordinal list-pagination__page--disabled"
              >
                <a
                  href="#entities-list1"
                  onClick={[Function]}
                >
                  <span
                    aria-hidden="true"
                  >
                    1
                  </span>
                  <span
                    className="screen-reader-text"
                  >
                    Go to page: 
                    1
                  </span>
                </a>
              </li>
              <li
                className="list-pagination__page list-pagination__page--ordinal"
              >
                <a
                  href="#entities-list1"
                  onClick={[Function]}
                >
                  <span
                    aria-hidden="true"
                  >
                    2
                  </span>
                  <span
                    className="screen-reader-text"
                  >
                    Go to page: 
                    2
                  </span>
                </a>
              </li>
            </ul>
          </li>
          <li
            className="list-pagination__column"
          >
            <ul>
              <li
                className="list-pagination__page list-pagination__page--next"
              >
                <a
                  href="#entities-list1"
                  onClick={[Function]}
                >
                  <span
                    className="list-pagination__icon-label"
                  >
                    NEXT
                  </span>
                  <svg
                    aria-hidden={true}
                    className="manicon-svg svg-icon--arrowLongRight16"
                    fill="currentColor"
                    height={null}
                    viewBox="0 0 24 16"
                    width={null}
                    xmlns="http://www.w3.org/2000/svg"
                  >
                    <path
                      d="M19.9210555,8.50098377 L2,8.50098377 L2,7.49848233 L19.9183709,7.49848233 L14.6653905,2.76142495 L15.3486096,2 L22.0012062,7.99920999 L15.3651285,14 L14.6808716,13.2395122 L19.9210555,8.50098377 Z"
                    />
                  </svg>
                </a>
              </li>
            </ul>
          </li>
        </ul>
      </nav>
    </div>
  </div>
</div>
`;
