// Jest Snapshot v1, https://goo.gl/fbAQLP

exports[`Frontend SearchContainer renders correctly 1`] = `
<div>
  <div
    className="search-form-frontend"
  >
    <div
      className="container"
    >
      <header>
        <h1
          className="title"
        >
          Search
        </h1>
      </header>
      <form
        className="search-query"
        onSubmit={[Function]}
      >
        <div
          className="input-magnify"
        >
          <label
            className="screen-reader-text"
            htmlFor="query-search-1"
          >
            Enter Search Criteria
          </label>
          <input
            autoFocus={true}
            id="query-search-1"
            onChange={[Function]}
            placeholder="Search…"
            type="text"
            value=""
          />
          <button
            className="manicon manicon-magnify"
            type="submit"
          >
            <span
              className="screen-reader-text"
            >
              Search
            </span>
          </button>
        </div>
        <div
          className="filters"
        >
          <h4
            className="group-label"
          >
            Show Results For:
          </h4>
          <div
            className="checkbox-group"
          >
            <label
              className="checkbox"
              htmlFor="all-filters"
            >
              <input
                checked={true}
                id="all-filters"
                onChange={[Function]}
                type="checkbox"
              />
              <div
                aria-hidden="true"
                className="control-indicator"
              >
                <i
                  className="manicon manicon-check"
                />
              </div>
              Everything
            </label>
            <label
              className="checkbox"
              htmlFor="Project-0"
            >
              <input
                checked={false}
                id="Project-0"
                onChange={[Function]}
                type="checkbox"
              />
              <div
                aria-hidden="true"
                className="control-indicator"
              >
                <i
                  className="manicon manicon-check"
                />
              </div>
              Projects
            </label>
            <label
              className="checkbox"
              htmlFor="Resource-1"
            >
              <input
                checked={false}
                id="Resource-1"
                onChange={[Function]}
                type="checkbox"
              />
              <div
                aria-hidden="true"
                className="control-indicator"
              >
                <i
                  className="manicon manicon-check"
                />
              </div>
              Resources
            </label>
            <label
              className="checkbox"
              htmlFor="Text-2"
            >
              <input
                checked={false}
                id="Text-2"
                onChange={[Function]}
                type="checkbox"
              />
              <div
                aria-hidden="true"
                className="control-indicator"
              >
                <i
                  className="manicon manicon-check"
                />
              </div>
              Texts
            </label>
            <label
              className="checkbox"
              htmlFor="SearchableNode-3"
            >
              <input
                checked={false}
                id="SearchableNode-3"
                onChange={[Function]}
                type="checkbox"
              />
              <div
                aria-hidden="true"
                className="control-indicator"
              >
                <i
                  className="manicon manicon-check"
                />
              </div>
              Full Text
            </label>
          </div>
        </div>
      </form>
    </div>
  </div>
  <div
    className="search-results-frontend"
  >
    <div
      className="container"
    />
  </div>
</div>
`;
