// Jest Snapshot v1, https://goo.gl/fbAQLP

exports[`Backend Project Category Edit Container renders correctly 1`] = `
<div>
  <header
    className="dialog-header-large"
  >
    <h2
      className="heading-quaternary"
    >
      Edit Category
    </h2>
  </header>
  <div>
    <form
      className="form-secondary"
      data-id="submit"
      onSubmit={[Function]}
    >
      <div
        className="form-input"
        style={Object {}}
      >
        <label
          className=""
          htmlFor="attributes[title]-text-input-1"
        >
          Title
        </label>
        <input
          aria-describedby="attributes[title]-text-input-1"
          id="attributes[title]-text-input-1"
          onChange={[Function]}
          placeholder="What would you like to call this category?"
          type="text"
          value=""
        />
      </div>
      <div
        className="form-input submit wide"
      >
        <input
          className="button-secondary outlined"
          type="submit"
          value="Update Category"
        />
      </div>
    </form>
  </div>
</div>
`;
