// Jest Snapshot v1, https://goo.gl/fbAQLP

exports[`frontend/containers/Page/Page matches the snapshot 1`] = `
<section>
  <Connect(WithSettings('HeadContentComponent))
    appendDefaultTitle={true}
    title="Daily Rowan"
  />
  <div
    className="container page-content"
    dangerouslySetInnerHTML={
      Object {
        "__html": undefined,
      }
    }
  />
</section>
`;
