// Jest Snapshot v1, https://goo.gl/fbAQLP

exports[`global/components/comment/detail/Detail matches the snapshot 1`] = `
<Comment.Detail
  comment={
    Object {
      "attributes": Object {
        "abilities": Object {
          "create": true,
          "createEntitlements": true,
          "createPermissions": true,
          "createResourceCollections": true,
          "createResources": true,
          "createTexts": true,
          "createTwitterQueries": true,
          "delete": true,
          "manageEntitlements": true,
          "manageEvents": true,
          "managePermissions": true,
          "manageResourceCollections": true,
          "manageResources": true,
          "manageSocials": true,
          "manageTexts": true,
          "manageTwitterQueries": true,
          "read": true,
          "readDeleted": true,
          "readDrafts": true,
          "readLog": true,
          "readSecrets": true,
          "update": true,
          "updateMakers": true,
        },
        "body": "Plaid clash with polka dots, I hope you ain't mad.",
        "createdAt": "2017-04-24T23:25:50.161Z",
      },
      "id": "AAAAAAAA-BBBB-CCCC-DDDD-EEEEEEEEEEEE",
      "relationships": Object {
        "creator": Object {
          "attributes": Object {
            "abilities": Object {
              "create": true,
              "createEntitlements": true,
              "createPermissions": true,
              "createResourceCollections": true,
              "createResources": true,
              "createTexts": true,
              "createTwitterQueries": true,
              "delete": true,
              "manageEntitlements": true,
              "manageEvents": true,
              "managePermissions": true,
              "manageResourceCollections": true,
              "manageResources": true,
              "manageSocials": true,
              "manageTexts": true,
              "manageTwitterQueries": true,
              "read": true,
              "readDeleted": true,
              "readDrafts": true,
              "readLog": true,
              "readSecrets": true,
              "update": true,
              "updateMakers": true,
            },
            "avatarStyles": Object {},
            "classAbilities": Object {
              "annotation": Object {
                "create": true,
                "read": true,
              },
              "comment": Object {
                "create": true,
                "read": true,
              },
              "permission": Object {
                "create": true,
                "read": true,
              },
              "project": Object {
                "create": true,
                "read": true,
              },
              "projectCollection": Object {
                "create": true,
                "read": true,
                "update": true,
              },
              "resource": Object {
                "create": true,
                "read": true,
              },
              "settings": Object {
                "create": true,
                "read": true,
                "update": true,
              },
              "statistics": Object {
                "create": true,
                "read": true,
              },
              "subject": Object {
                "create": true,
                "read": true,
              },
              "text": Object {
                "create": true,
                "read": true,
                "update": true,
              },
              "user": Object {
                "create": true,
                "read": true,
                "update": true,
              },
              "version": Object {
                "create": true,
                "read": true,
              },
            },
            "email": "test@cic-fake.gotcha",
            "firstName": "Rowan",
            "fullName": "Rowan Ida",
            "isCurrentUser": true,
            "kind": "admin",
            "lastName": "Ida",
            "role": "admin",
          },
          "id": "AAAAAAAA-BBBB-CCCC-DDDD-EEEEEEEEEEEE",
          "relationships": Object {},
          "type": "users",
        },
      },
      "type": "comments",
    }
  }
  handleDelete={[MockFunction]}
  handleDestroy={[MockFunction]}
  handleFlag={[MockFunction]}
  handleRestore={[MockFunction]}
  i18n={
    Object {
      "language": "en-US",
      "languages": Array [
        "en-US",
        "en",
      ],
      "options": Object {
        "appendNamespaceToCIMode": false,
        "appendNamespaceToMissingKey": false,
        "contextSeparator": "_",
        "debug": false,
        "defaultNS": Array [
          "translation",
        ],
        "fallbackLng": Array [
          "en-US",
        ],
        "fallbackNS": false,
        "ignoreJSONStructure": true,
        "initImmediate": true,
        "interpolation": Object {
          "escapeValue": true,
          "format": [Function],
          "formatSeparator": ",",
          "maxReplaces": 1000,
          "nestingOptionsSeparator": ",",
          "nestingPrefix": "$t(",
          "nestingSuffix": ")",
          "prefix": "{{",
          "skipOnVariables": true,
          "suffix": "}}",
          "unescapePrefix": "-",
        },
        "joinArrays": false,
        "keySeparator": ".",
        "lng": "en-US",
        "load": "all",
        "missingInterpolationHandler": false,
        "missingKeyHandler": false,
        "nonExplicitSupportedLngs": false,
        "ns": Array [
          "translation",
        ],
        "nsSeparator": ":",
        "overloadTranslationOptionHandler": [Function],
        "parseMissingKeyHandler": false,
        "partialBundledLanguages": false,
        "pluralSeparator": "_",
        "postProcess": false,
        "postProcessPassResolved": false,
        "preload": false,
        "resources": Object {
          "en-US": Object {
            "translation": Object {
              "dashboard": Object {
                "reader_stats": "Readers this week",
                "stats_change": "Change from last week",
              },
              "date_fns": null,
              "forms": Object {
                "upload": Object {
                  "image_preview": "<0></0><br/><1></1>",
                },
              },
            },
          },
        },
        "returnEmptyString": true,
        "returnNull": true,
        "returnObjects": false,
        "returnedObjectHandler": false,
        "saveMissing": false,
        "saveMissingPlurals": true,
        "saveMissingTo": "fallback",
        "simplifyPluralSuffix": true,
        "supportedLngs": false,
        "updateMissing": false,
      },
      "resolvedLanguage": "en-US",
      "store": Object {
        "en-US": Object {
          "translation": Object {
            "dashboard": Object {
              "reader_stats": "Readers this week",
              "stats_change": "Change from last week",
            },
            "date_fns": null,
            "forms": Object {
              "upload": Object {
                "image_preview": "<0></0><br/><1></1>",
              },
            },
          },
        },
      },
    }
  }
  subject={
    Object {
      "attributes": Object {
        "abilities": Object {
          "create": true,
          "createEntitlements": true,
          "createPermissions": true,
          "createResourceCollections": true,
          "createResources": true,
          "createTexts": true,
          "createTwitterQueries": true,
          "delete": true,
          "manageEntitlements": true,
          "manageEvents": true,
          "managePermissions": true,
          "manageResourceCollections": true,
          "manageResources": true,
          "manageSocials": true,
          "manageTexts": true,
          "manageTwitterQueries": true,
          "read": true,
          "readDeleted": true,
          "readDrafts": true,
          "readLog": true,
          "readSecrets": true,
          "update": true,
          "updateMakers": true,
        },
        "attachmentStyles": Object {
          "medium": null,
          "mediumSquare": "original-image.mock",
          "original": "original-image.mock",
        },
        "captionFormatted": "World's Greatest Dog",
        "createdAt": "2017-04-24T23:25:50.161Z",
        "descriptionFormatted": "Black and white freckles",
        "downloadable": true,
        "kind": "image",
        "metadata": Object {
          "abstract": "some-value",
          "archive": "some-value",
          "archiveLocation": "some-value",
          "archivePlace": "some-value",
          "authority": "some-value",
          "callNumber": "some-value",
          "chapterNumber": "some-value",
          "collectionNumber": "some-value",
          "collectionTitle": "some-value",
          "containerTitle": "some-value",
          "dimensions": "some-value",
          "edition": "some-value",
          "event": "some-value",
          "eventPlace": "some-value",
          "isbn": "some-value",
          "issn": "some-value",
          "issue": "some-value",
          "jurisdiction": "some-value",
          "medium": "some-value",
          "number": "some-value",
          "numberOfPages": "some-value",
          "numberOfVolumes": "some-value",
          "originalPublisher": "some-value",
          "originalPublisherPlace": "some-value",
          "originalTitle": "some-value",
          "pmcid": "some-value",
          "pmid": "some-value",
          "publisher": "some-value",
          "publisherPlace": "some-value",
          "reviewedTitle": "some-value",
          "section": "some-value",
          "version": "some-value",
          "volume": "some-value",
          "yearSuffix": "some-value",
        },
        "metadataFormatted": Object {
          "abstract": "some-value",
          "archive": "some-value",
          "archiveLocation": "some-value",
          "archivePlace": "some-value",
          "authority": "some-value",
          "callNumber": "some-value",
          "chapterNumber": "some-value",
          "collectionNumber": "some-value",
          "collectionTitle": "some-value",
          "containerTitle": "some-value",
          "dimensions": "some-value",
          "edition": "some-value",
          "event": "some-value",
          "eventPlace": "some-value",
          "isbn": "some-value",
          "issn": "some-value",
          "issue": "some-value",
          "jurisdiction": "some-value",
          "medium": "some-value",
          "number": "some-value",
          "numberOfPages": "some-value",
          "numberOfVolumes": "some-value",
          "originalPublisher": "some-value",
          "originalPublisherPlace": "some-value",
          "originalTitle": "some-value",
          "pmcid": "some-value",
          "pmid": "some-value",
          "publisher": "some-value",
          "publisherPlace": "some-value",
          "reviewedTitle": "some-value",
          "section": "some-value",
          "version": "some-value",
          "volume": "some-value",
          "yearSuffix": "some-value",
        },
        "projectSlug": "delegated-project-slug",
        "slug": "slug-AAAAAAAA-BBBB-CCCC-DDDD-EEEEEEEEEEEE",
        "tagList": Array [
          "dog",
          "puppy",
          "GOAT",
        ],
        "title": "Image",
        "titleFormatted": "Image",
      },
      "id": "AAAAAAAA-BBBB-CCCC-DDDD-EEEEEEEEEEEE",
      "relationships": Object {},
      "type": "resources",
    }
  }
  t={[Function]}
  tReady={true}
/>
`;
