// Jest Snapshot v1, https://goo.gl/fbAQLP

exports[`global/components/Overlay matches the snapshot 1`] = `
<SideEffect(BodyClass)
  className="no-scroll overlay"
>
  <div
    aria-labelledby="abcdef"
    aria-modal={true}
    className="overlay-full"
    key="globalOverlay"
    role="dialog"
  >
    <focus-trap-react
      focusTrapOptions={
        Object {
          "escapeDeactivates": [Function],
        }
      }
    >
      <div>
        <Global.Overlay.Header
          headerId="abcdef"
          onCloseClick={[Function]}
        />
        <div
          className="container"
          style={
            Object {
              "maxWidth": undefined,
            }
          }
        >
          <div>
            Test me
          </div>
        </div>
      </div>
    </focus-trap-react>
  </div>
</SideEffect(BodyClass)>
`;
