// Jest Snapshot v1, https://goo.gl/fbAQLP

exports[`Frontend.Resource.Preview component renders correctly 1`] = `
<div
  className="resource-link-wrapper"
>
  <span />
  <div
    className="resource-preview-wrapper"
    onClick={[Function]}
    role="button"
  >
    <div>
      Test Button
    </div>
  </div>
</div>
`;
