// Jest Snapshot v1, https://goo.gl/fbAQLP

exports[`Frontend.Event.Body.Quoted Component renders correctly 1`] = `
<div
  className="event-data"
>
  <div>
    <i
      className="manicon manicon-book-opening"
    />
    <div
      className="event-content"
    >
      <p />
    </div>
    <div
      className="event-user"
    />
    <datetime
      className="event-date"
    >
      2017-04-24T23:25:50.161Z
    </datetime>
  </div>
</div>
`;
