// Jest Snapshot v1, https://goo.gl/fbAQLP

exports[`backend/containers/project/category/Edit matches the snapshot when rendered 1`] = `"<div><header class=\\"drawer-header\\"><h2 class=\\"drawer-header__title\\"><span class=\\"drawer-header__title-text\\">Edit Category</span></h2></header><div><form class=\\"form-secondary\\" data-id=\\"submit\\"><div class=\\"form-input\\"><label for=\\"text-input-1\\" class=\\"\\">Title</label><input id=\\"text-input-1\\" type=\\"text\\" placeholder=\\"What would you like to call this category?\\" aria-describedby=\\"text-input-error-1 text-input-instructions-1\\" value=\\"Hip Hop Classics\\"></div><div class=\\"form-input submit wide\\"><input class=\\"button-secondary button-secondary--outlined\\" type=\\"submit\\" value=\\"Update Category\\"></div></form></div></div>"`;
