// Jest Snapshot v1, https://goo.gl/fbAQLP

exports[`Backend.Resource.Form.Audio component renders correctly 1`] = `
<div
  className="form-section"
>
  <div
    className="form-input"
  >
    <div
      className="form-input"
      style={Object {}}
    >
      <label
        className=""
      >
        Audio File
      </label>
      <Dropzone
        accept="audio/*"
        className="form-dropzone style-square"
        multiple={false}
        onDrop={[Function]}
        style={undefined}
      >
        <div
          className="contents-empty"
        >
          <i
            className="manicon manicon-cloud-up"
          />
          <div
            className="message"
          >
            <p
              className="primary"
            >
              <span
                className="fake-link"
              >
                Upload a file
              </span>
               or
              <br />
              drag and drop here
              <br />
            </p>
            <p
              className="secondary"
            >
              mp3
            </p>
          </div>
        </div>
      </Dropzone>
    </div>
  </div>
</div>
`;
