// Jest Snapshot v1, https://goo.gl/fbAQLP

exports[`Backend Settings General Container renders correctly 1`] = `
<section>
  <div>
    <form
      className="form-secondary"
      data-id="submit"
      onSubmit={[Function]}
    >
      <div
        className="form-input"
        style={Object {}}
      >
        <label
          className="has-instructions"
        >
          How do you refer you your Manifold installation?
        </label>
        <span
          className="instructions"
        >
          There are various places throughout the application where             Manifold refers to itself. If you set a value here, Manifold will use it where             appropriate. For example, you could call it "Manifold at the University of             Minnesota Press" or just "University of Minnesota Digital Books." Or, if you            prefer, you can leave this blank, and Manifold will just refer to itself as             "Manifold."
        </span>
        <input
          onChange={[Function]}
          placeholder="Manifold"
          type="text"
          value=""
        />
      </div>
      <div
        className="form-input"
        style={Object {}}
      >
        <label
          className=""
        >
          Default Publisher
        </label>
        <input
          onChange={[Function]}
          placeholder="Enter Default Publisher"
          type="text"
          value=""
        />
      </div>
      <div
        className="form-input"
        style={Object {}}
      >
        <label
          className=""
        >
          Default Place of Publication
        </label>
        <input
          onChange={[Function]}
          placeholder="Enter Default Place of Publication"
          type="text"
          value=""
        />
      </div>
      <div
        className="form-input"
        style={Object {}}
      >
        <label
          className="has-instructions"
        >
          Copyright
        </label>
        <span
          className="instructions"
        >
          Enter the installation copyright information to be displayed in the footer.
        </span>
        <input
          onChange={[Function]}
          placeholder="Enter Copyright Information"
          type="text"
          value="2015-2016 6 University of Minnesota Press"
        />
      </div>
      <div
        className="form-input"
        style={Object {}}
      >
        <label
          className="has-instructions"
        >
          Social Sharing Message
        </label>
        <span
          className="instructions"
        >
          Enter the text you would like to appear when a page is shared
        </span>
        <input
          onChange={[Function]}
          placeholder={undefined}
          type="text"
          value=""
        />
      </div>
      <div
        className="form-input"
        style={Object {}}
      >
        <label
          className=""
        >
          Contact Link URL
        </label>
        <input
          onChange={[Function]}
          placeholder="Enter a URL"
          type="text"
          value="http://www.dailyrowan.com"
        />
      </div>
      <div
        className="form-input submit"
      >
        <input
          className="button-secondary outlined"
          type="submit"
          value="Save Settings"
        />
      </div>
    </form>
  </div>
</section>
`;
