// Jest Snapshot v1, https://goo.gl/fbAQLP

exports[`Backend Settings Wrapper Container renders correctly 1`] = `
<section
  className="backend-panel"
>
  <aside
    className="scrollable"
  >
    <div
      className="wrapper"
    >
      <nav
        className="panel-nav"
      >
        <ul>
          <li>
            <a
              aria-current={false}
              className={undefined}
              href="/backend/settings"
              onClick={[Function]}
              style={undefined}
            >
              General
            </a>
          </li>
          <li>
            <a
              aria-current={false}
              className={undefined}
              href="/backend/settings/theme"
              onClick={[Function]}
              style={undefined}
            >
              Theme
            </a>
          </li>
          <li>
            <a
              aria-current={false}
              className={undefined}
              href="/backend/settings/integrations"
              onClick={[Function]}
              style={undefined}
            >
              Integrations
            </a>
          </li>
          <li>
            <a
              aria-current={false}
              className={undefined}
              href="/backend/settings/subjects"
              onClick={[Function]}
              style={undefined}
            >
              Subjects
            </a>
          </li>
          <li>
            <a
              aria-current={false}
              className={undefined}
              href="/backend/settings/email"
              onClick={[Function]}
              style={undefined}
            >
              Email
            </a>
          </li>
        </ul>
      </nav>
    </div>
  </aside>
  <div
    className="container"
  >
    <aside
      className="aside"
    >
      <nav
        className="panel-nav"
      >
        <ul>
          <li>
            <a
              aria-current={false}
              className={undefined}
              href="/backend/settings"
              onClick={[Function]}
              style={undefined}
            >
              General
            </a>
          </li>
          <li>
            <a
              aria-current={false}
              className={undefined}
              href="/backend/settings/theme"
              onClick={[Function]}
              style={undefined}
            >
              Theme
            </a>
          </li>
          <li>
            <a
              aria-current={false}
              className={undefined}
              href="/backend/settings/integrations"
              onClick={[Function]}
              style={undefined}
            >
              Integrations
            </a>
          </li>
          <li>
            <a
              aria-current={false}
              className={undefined}
              href="/backend/settings/subjects"
              onClick={[Function]}
              style={undefined}
            >
              Subjects
            </a>
          </li>
          <li>
            <a
              aria-current={false}
              className={undefined}
              href="/backend/settings/email"
              onClick={[Function]}
              style={undefined}
            >
              Email
            </a>
          </li>
        </ul>
      </nav>
    </aside>
    <div
      className="panel"
    />
  </div>
</section>
`;
