// Jest Snapshot v1, https://goo.gl/fbAQLP

exports[`Backend TextDetail Collaborators Container renders correctly 1`] = `
<section>
  <form
    className="form-secondary"
  >
    <div
      className="form-input"
      style={Object {}}
    >
      <label>
        Authors
      </label>
      <nav
        className="has-many-list"
      >
        <ul>
          <li>
            <div
              className="association"
            >
              <figure>
                <div
                  className="no-image"
                >
                  <i
                    className="manicon manicon-person"
                  />
                </div>
              </figure>
              <h4
                className="association-name"
              >
                Rowan Ida
              </h4>
            </div>
            <div
              className="utility"
            >
              <button
                className="manicon manicon-x"
                onClick={[Function]}
              >
                <span
                  className="screen-reader-text"
                >
                  Click to remove 
                  Rowan Ida
                  from the 
                  Authors
                   list.
                </span>
              </button>
            </div>
          </li>
        </ul>
        <div
          className="input-predictive"
        >
          <div
            className="input"
          >
            <button
              className="manicon manicon-plus"
            />
            <input
              className="text-input"
              onBlur={[Function]}
              onChange={[Function]}
              onFocus={[Function]}
              onKeyDown={[Function]}
              onKeyPress={[Function]}
              placeholder="Add an Author"
              type="text"
              value=""
            />
            <button
              className="submit"
              onClick={[Function]}
            >
              Create New
            </button>
          </div>
          <nav
            className="predictive-list"
          >
            <ul />
          </nav>
        </div>
      </nav>
    </div>
    <div
      className="form-input"
      style={Object {}}
    >
      <label>
        Contributors
      </label>
      <nav
        className="has-many-list"
      >
        <ul>
          <li>
            <div
              className="association"
            >
              <figure>
                <div
                  className="no-image"
                >
                  <i
                    className="manicon manicon-person"
                  />
                </div>
              </figure>
              <h4
                className="association-name"
              >
                Rowan Ida
              </h4>
            </div>
            <div
              className="utility"
            >
              <button
                className="manicon manicon-x"
                onClick={[Function]}
              >
                <span
                  className="screen-reader-text"
                >
                  Click to remove 
                  Rowan Ida
                  from the 
                  Contributors
                   list.
                </span>
              </button>
            </div>
          </li>
        </ul>
        <div
          className="input-predictive"
        >
          <div
            className="input"
          >
            <button
              className="manicon manicon-plus"
            />
            <input
              className="text-input"
              onBlur={[Function]}
              onChange={[Function]}
              onFocus={[Function]}
              onKeyDown={[Function]}
              onKeyPress={[Function]}
              placeholder="Add a Contributor"
              type="text"
              value=""
            />
            <button
              className="submit"
              onClick={[Function]}
            >
              Create New
            </button>
          </div>
          <nav
            className="predictive-list"
          >
            <ul />
          </nav>
        </div>
      </nav>
    </div>
  </form>
</section>
`;
