// Jest Snapshot v1, https://goo.gl/fbAQLP

exports[`frontend/components/resource/Detail matches the snapshot 1`] = `
<section
  className="resource-detail main-content"
>
  <div
    className="container flush-top flush-bottom"
  >
    <Resource.Title
      resource={
        Object {
          "attributes": Object {
            "abilities": Object {
              "create": true,
              "createEntitlements": true,
              "createPermissions": true,
              "createResourceCollections": true,
              "createResources": true,
              "createTexts": true,
              "createTwitterQueries": true,
              "delete": true,
              "manageEntitlements": true,
              "manageEvents": true,
              "managePermissions": true,
              "manageResourceCollections": true,
              "manageResources": true,
              "manageSocials": true,
              "manageTexts": true,
              "manageTwitterQueries": true,
              "read": true,
              "readDeleted": true,
              "readDrafts": true,
              "readLog": true,
              "readSecrets": true,
              "update": true,
              "updateMakers": true,
            },
            "attachmentStyles": Object {
              "medium": null,
              "mediumSquare": "original-image.mock",
              "original": "original-image.mock",
            },
            "captionFormatted": "World's Greatest Dog",
            "createdAt": "2017-04-24T23:25:50.161Z",
            "descriptionFormatted": "Black and white freckles",
            "downloadable": true,
            "kind": "image",
            "metadata": Object {
              "abstract": "some-value",
              "archive": "some-value",
              "archiveLocation": "some-value",
              "archivePlace": "some-value",
              "authority": "some-value",
              "callNumber": "some-value",
              "chapterNumber": "some-value",
              "collectionNumber": "some-value",
              "collectionTitle": "some-value",
              "containerTitle": "some-value",
              "dimensions": "some-value",
              "edition": "some-value",
              "event": "some-value",
              "eventPlace": "some-value",
              "isbn": "some-value",
              "issn": "some-value",
              "issue": "some-value",
              "jurisdiction": "some-value",
              "medium": "some-value",
              "number": "some-value",
              "numberOfPages": "some-value",
              "numberOfVolumes": "some-value",
              "originalPublisher": "some-value",
              "originalPublisherPlace": "some-value",
              "originalTitle": "some-value",
              "pmcid": "some-value",
              "pmid": "some-value",
              "publisher": "some-value",
              "publisherPlace": "some-value",
              "reviewedTitle": "some-value",
              "section": "some-value",
              "version": "some-value",
              "volume": "some-value",
              "yearSuffix": "some-value",
            },
            "metadataFormatted": Object {
              "abstract": "some-value",
              "archive": "some-value",
              "archiveLocation": "some-value",
              "archivePlace": "some-value",
              "authority": "some-value",
              "callNumber": "some-value",
              "chapterNumber": "some-value",
              "collectionNumber": "some-value",
              "collectionTitle": "some-value",
              "containerTitle": "some-value",
              "dimensions": "some-value",
              "edition": "some-value",
              "event": "some-value",
              "eventPlace": "some-value",
              "isbn": "some-value",
              "issn": "some-value",
              "issue": "some-value",
              "jurisdiction": "some-value",
              "medium": "some-value",
              "number": "some-value",
              "numberOfPages": "some-value",
              "numberOfVolumes": "some-value",
              "originalPublisher": "some-value",
              "originalPublisherPlace": "some-value",
              "originalTitle": "some-value",
              "pmcid": "some-value",
              "pmid": "some-value",
              "publisher": "some-value",
              "publisherPlace": "some-value",
              "reviewedTitle": "some-value",
              "section": "some-value",
              "version": "some-value",
              "volume": "some-value",
              "yearSuffix": "some-value",
            },
            "projectSlug": "delegated-project-slug",
            "slug": "slug-AAAAAAAA-BBBB-CCCC-DDDD-EEEEEEEEEEEE",
            "tagList": Array [
              "dog",
              "puppy",
              "GOAT",
            ],
            "title": "Image",
            "titleFormatted": "Image",
          },
          "id": "AAAAAAAA-BBBB-CCCC-DDDD-EEEEEEEEEEEE",
          "relationships": Object {},
          "type": "resources",
        }
      }
      showDate={true}
      showIcon={false}
    />
  </div>
  <Resource.Hero
    resource={
      Object {
        "attributes": Object {
          "abilities": Object {
            "create": true,
            "createEntitlements": true,
            "createPermissions": true,
            "createResourceCollections": true,
            "createResources": true,
            "createTexts": true,
            "createTwitterQueries": true,
            "delete": true,
            "manageEntitlements": true,
            "manageEvents": true,
            "managePermissions": true,
            "manageResourceCollections": true,
            "manageResources": true,
            "manageSocials": true,
            "manageTexts": true,
            "manageTwitterQueries": true,
            "read": true,
            "readDeleted": true,
            "readDrafts": true,
            "readLog": true,
            "readSecrets": true,
            "update": true,
            "updateMakers": true,
          },
          "attachmentStyles": Object {
            "medium": null,
            "mediumSquare": "original-image.mock",
            "original": "original-image.mock",
          },
          "captionFormatted": "World's Greatest Dog",
          "createdAt": "2017-04-24T23:25:50.161Z",
          "descriptionFormatted": "Black and white freckles",
          "downloadable": true,
          "kind": "image",
          "metadata": Object {
            "abstract": "some-value",
            "archive": "some-value",
            "archiveLocation": "some-value",
            "archivePlace": "some-value",
            "authority": "some-value",
            "callNumber": "some-value",
            "chapterNumber": "some-value",
            "collectionNumber": "some-value",
            "collectionTitle": "some-value",
            "containerTitle": "some-value",
            "dimensions": "some-value",
            "edition": "some-value",
            "event": "some-value",
            "eventPlace": "some-value",
            "isbn": "some-value",
            "issn": "some-value",
            "issue": "some-value",
            "jurisdiction": "some-value",
            "medium": "some-value",
            "number": "some-value",
            "numberOfPages": "some-value",
            "numberOfVolumes": "some-value",
            "originalPublisher": "some-value",
            "originalPublisherPlace": "some-value",
            "originalTitle": "some-value",
            "pmcid": "some-value",
            "pmid": "some-value",
            "publisher": "some-value",
            "publisherPlace": "some-value",
            "reviewedTitle": "some-value",
            "section": "some-value",
            "version": "some-value",
            "volume": "some-value",
            "yearSuffix": "some-value",
          },
          "metadataFormatted": Object {
            "abstract": "some-value",
            "archive": "some-value",
            "archiveLocation": "some-value",
            "archivePlace": "some-value",
            "authority": "some-value",
            "callNumber": "some-value",
            "chapterNumber": "some-value",
            "collectionNumber": "some-value",
            "collectionTitle": "some-value",
            "containerTitle": "some-value",
            "dimensions": "some-value",
            "edition": "some-value",
            "event": "some-value",
            "eventPlace": "some-value",
            "isbn": "some-value",
            "issn": "some-value",
            "issue": "some-value",
            "jurisdiction": "some-value",
            "medium": "some-value",
            "number": "some-value",
            "numberOfPages": "some-value",
            "numberOfVolumes": "some-value",
            "originalPublisher": "some-value",
            "originalPublisherPlace": "some-value",
            "originalTitle": "some-value",
            "pmcid": "some-value",
            "pmid": "some-value",
            "publisher": "some-value",
            "publisherPlace": "some-value",
            "reviewedTitle": "some-value",
            "section": "some-value",
            "version": "some-value",
            "volume": "some-value",
            "yearSuffix": "some-value",
          },
          "projectSlug": "delegated-project-slug",
          "slug": "slug-AAAAAAAA-BBBB-CCCC-DDDD-EEEEEEEEEEEE",
          "tagList": Array [
            "dog",
            "puppy",
            "GOAT",
          ],
          "title": "Image",
          "titleFormatted": "Image",
        },
        "id": "AAAAAAAA-BBBB-CCCC-DDDD-EEEEEEEEEEEE",
        "relationships": Object {},
        "type": "resources",
      }
    }
    slideOptions={Object {}}
  />
  <div
    className="container flush-top"
  >
    <aside>
      <Resource.Link
        attributes={
          Object {
            "abilities": Object {
              "create": true,
              "createEntitlements": true,
              "createPermissions": true,
              "createResourceCollections": true,
              "createResources": true,
              "createTexts": true,
              "createTwitterQueries": true,
              "delete": true,
              "manageEntitlements": true,
              "manageEvents": true,
              "managePermissions": true,
              "manageResourceCollections": true,
              "manageResources": true,
              "manageSocials": true,
              "manageTexts": true,
              "manageTwitterQueries": true,
              "read": true,
              "readDeleted": true,
              "readDrafts": true,
              "readLog": true,
              "readSecrets": true,
              "update": true,
              "updateMakers": true,
            },
            "attachmentStyles": Object {
              "medium": null,
              "mediumSquare": "original-image.mock",
              "original": "original-image.mock",
            },
            "captionFormatted": "World's Greatest Dog",
            "createdAt": "2017-04-24T23:25:50.161Z",
            "descriptionFormatted": "Black and white freckles",
            "downloadable": true,
            "kind": "image",
            "metadata": Object {
              "abstract": "some-value",
              "archive": "some-value",
              "archiveLocation": "some-value",
              "archivePlace": "some-value",
              "authority": "some-value",
              "callNumber": "some-value",
              "chapterNumber": "some-value",
              "collectionNumber": "some-value",
              "collectionTitle": "some-value",
              "containerTitle": "some-value",
              "dimensions": "some-value",
              "edition": "some-value",
              "event": "some-value",
              "eventPlace": "some-value",
              "isbn": "some-value",
              "issn": "some-value",
              "issue": "some-value",
              "jurisdiction": "some-value",
              "medium": "some-value",
              "number": "some-value",
              "numberOfPages": "some-value",
              "numberOfVolumes": "some-value",
              "originalPublisher": "some-value",
              "originalPublisherPlace": "some-value",
              "originalTitle": "some-value",
              "pmcid": "some-value",
              "pmid": "some-value",
              "publisher": "some-value",
              "publisherPlace": "some-value",
              "reviewedTitle": "some-value",
              "section": "some-value",
              "version": "some-value",
              "volume": "some-value",
              "yearSuffix": "some-value",
            },
            "metadataFormatted": Object {
              "abstract": "some-value",
              "archive": "some-value",
              "archiveLocation": "some-value",
              "archivePlace": "some-value",
              "authority": "some-value",
              "callNumber": "some-value",
              "chapterNumber": "some-value",
              "collectionNumber": "some-value",
              "collectionTitle": "some-value",
              "containerTitle": "some-value",
              "dimensions": "some-value",
              "edition": "some-value",
              "event": "some-value",
              "eventPlace": "some-value",
              "isbn": "some-value",
              "issn": "some-value",
              "issue": "some-value",
              "jurisdiction": "some-value",
              "medium": "some-value",
              "number": "some-value",
              "numberOfPages": "some-value",
              "numberOfVolumes": "some-value",
              "originalPublisher": "some-value",
              "originalPublisherPlace": "some-value",
              "originalTitle": "some-value",
              "pmcid": "some-value",
              "pmid": "some-value",
              "publisher": "some-value",
              "publisherPlace": "some-value",
              "reviewedTitle": "some-value",
              "section": "some-value",
              "version": "some-value",
              "volume": "some-value",
              "yearSuffix": "some-value",
            },
            "projectSlug": "delegated-project-slug",
            "slug": "slug-AAAAAAAA-BBBB-CCCC-DDDD-EEEEEEEEEEEE",
            "tagList": Array [
              "dog",
              "puppy",
              "GOAT",
            ],
            "title": "Image",
            "titleFormatted": "Image",
          }
        }
        buttonClass="button-primary"
      />
      <Connect(WithSettings('Utility.ShareBar))
        url="resource/url"
      />
      <Resource.Meta
        layout="secondary"
        resource={
          Object {
            "attributes": Object {
              "abilities": Object {
                "create": true,
                "createEntitlements": true,
                "createPermissions": true,
                "createResourceCollections": true,
                "createResources": true,
                "createTexts": true,
                "createTwitterQueries": true,
                "delete": true,
                "manageEntitlements": true,
                "manageEvents": true,
                "managePermissions": true,
                "manageResourceCollections": true,
                "manageResources": true,
                "manageSocials": true,
                "manageTexts": true,
                "manageTwitterQueries": true,
                "read": true,
                "readDeleted": true,
                "readDrafts": true,
                "readLog": true,
                "readSecrets": true,
                "update": true,
                "updateMakers": true,
              },
              "attachmentStyles": Object {
                "medium": null,
                "mediumSquare": "original-image.mock",
                "original": "original-image.mock",
              },
              "captionFormatted": "World's Greatest Dog",
              "createdAt": "2017-04-24T23:25:50.161Z",
              "descriptionFormatted": "Black and white freckles",
              "downloadable": true,
              "kind": "image",
              "metadata": Object {
                "abstract": "some-value",
                "archive": "some-value",
                "archiveLocation": "some-value",
                "archivePlace": "some-value",
                "authority": "some-value",
                "callNumber": "some-value",
                "chapterNumber": "some-value",
                "collectionNumber": "some-value",
                "collectionTitle": "some-value",
                "containerTitle": "some-value",
                "dimensions": "some-value",
                "edition": "some-value",
                "event": "some-value",
                "eventPlace": "some-value",
                "isbn": "some-value",
                "issn": "some-value",
                "issue": "some-value",
                "jurisdiction": "some-value",
                "medium": "some-value",
                "number": "some-value",
                "numberOfPages": "some-value",
                "numberOfVolumes": "some-value",
                "originalPublisher": "some-value",
                "originalPublisherPlace": "some-value",
                "originalTitle": "some-value",
                "pmcid": "some-value",
                "pmid": "some-value",
                "publisher": "some-value",
                "publisherPlace": "some-value",
                "reviewedTitle": "some-value",
                "section": "some-value",
                "version": "some-value",
                "volume": "some-value",
                "yearSuffix": "some-value",
              },
              "metadataFormatted": Object {
                "abstract": "some-value",
                "archive": "some-value",
                "archiveLocation": "some-value",
                "archivePlace": "some-value",
                "authority": "some-value",
                "callNumber": "some-value",
                "chapterNumber": "some-value",
                "collectionNumber": "some-value",
                "collectionTitle": "some-value",
                "containerTitle": "some-value",
                "dimensions": "some-value",
                "edition": "some-value",
                "event": "some-value",
                "eventPlace": "some-value",
                "isbn": "some-value",
                "issn": "some-value",
                "issue": "some-value",
                "jurisdiction": "some-value",
                "medium": "some-value",
                "number": "some-value",
                "numberOfPages": "some-value",
                "numberOfVolumes": "some-value",
                "originalPublisher": "some-value",
                "originalPublisherPlace": "some-value",
                "originalTitle": "some-value",
                "pmcid": "some-value",
                "pmid": "some-value",
                "publisher": "some-value",
                "publisherPlace": "some-value",
                "reviewedTitle": "some-value",
                "section": "some-value",
                "version": "some-value",
                "volume": "some-value",
                "yearSuffix": "some-value",
              },
              "projectSlug": "delegated-project-slug",
              "slug": "slug-AAAAAAAA-BBBB-CCCC-DDDD-EEEEEEEEEEEE",
              "tagList": Array [
                "dog",
                "puppy",
                "GOAT",
              ],
              "title": "Image",
              "titleFormatted": "Image",
            },
            "id": "AAAAAAAA-BBBB-CCCC-DDDD-EEEEEEEEEEEE",
            "relationships": Object {},
            "type": "resources",
          }
        }
        showIcon={true}
        showTags={true}
      />
      <Resource.VariantList
        resource={
          Object {
            "attributes": Object {
              "abilities": Object {
                "create": true,
                "createEntitlements": true,
                "createPermissions": true,
                "createResourceCollections": true,
                "createResources": true,
                "createTexts": true,
                "createTwitterQueries": true,
                "delete": true,
                "manageEntitlements": true,
                "manageEvents": true,
                "managePermissions": true,
                "manageResourceCollections": true,
                "manageResources": true,
                "manageSocials": true,
                "manageTexts": true,
                "manageTwitterQueries": true,
                "read": true,
                "readDeleted": true,
                "readDrafts": true,
                "readLog": true,
                "readSecrets": true,
                "update": true,
                "updateMakers": true,
              },
              "attachmentStyles": Object {
                "medium": null,
                "mediumSquare": "original-image.mock",
                "original": "original-image.mock",
              },
              "captionFormatted": "World's Greatest Dog",
              "createdAt": "2017-04-24T23:25:50.161Z",
              "descriptionFormatted": "Black and white freckles",
              "downloadable": true,
              "kind": "image",
              "metadata": Object {
                "abstract": "some-value",
                "archive": "some-value",
                "archiveLocation": "some-value",
                "archivePlace": "some-value",
                "authority": "some-value",
                "callNumber": "some-value",
                "chapterNumber": "some-value",
                "collectionNumber": "some-value",
                "collectionTitle": "some-value",
                "containerTitle": "some-value",
                "dimensions": "some-value",
                "edition": "some-value",
                "event": "some-value",
                "eventPlace": "some-value",
                "isbn": "some-value",
                "issn": "some-value",
                "issue": "some-value",
                "jurisdiction": "some-value",
                "medium": "some-value",
                "number": "some-value",
                "numberOfPages": "some-value",
                "numberOfVolumes": "some-value",
                "originalPublisher": "some-value",
                "originalPublisherPlace": "some-value",
                "originalTitle": "some-value",
                "pmcid": "some-value",
                "pmid": "some-value",
                "publisher": "some-value",
                "publisherPlace": "some-value",
                "reviewedTitle": "some-value",
                "section": "some-value",
                "version": "some-value",
                "volume": "some-value",
                "yearSuffix": "some-value",
              },
              "metadataFormatted": Object {
                "abstract": "some-value",
                "archive": "some-value",
                "archiveLocation": "some-value",
                "archivePlace": "some-value",
                "authority": "some-value",
                "callNumber": "some-value",
                "chapterNumber": "some-value",
                "collectionNumber": "some-value",
                "collectionTitle": "some-value",
                "containerTitle": "some-value",
                "dimensions": "some-value",
                "edition": "some-value",
                "event": "some-value",
                "eventPlace": "some-value",
                "isbn": "some-value",
                "issn": "some-value",
                "issue": "some-value",
                "jurisdiction": "some-value",
                "medium": "some-value",
                "number": "some-value",
                "numberOfPages": "some-value",
                "numberOfVolumes": "some-value",
                "originalPublisher": "some-value",
                "originalPublisherPlace": "some-value",
                "originalTitle": "some-value",
                "pmcid": "some-value",
                "pmid": "some-value",
                "publisher": "some-value",
                "publisherPlace": "some-value",
                "reviewedTitle": "some-value",
                "section": "some-value",
                "version": "some-value",
                "volume": "some-value",
                "yearSuffix": "some-value",
              },
              "projectSlug": "delegated-project-slug",
              "slug": "slug-AAAAAAAA-BBBB-CCCC-DDDD-EEEEEEEEEEEE",
              "tagList": Array [
                "dog",
                "puppy",
                "GOAT",
              ],
              "title": "Image",
              "titleFormatted": "Image",
            },
            "id": "AAAAAAAA-BBBB-CCCC-DDDD-EEEEEEEEEEEE",
            "relationships": Object {},
            "type": "resources",
          }
        }
      />
    </aside>
    <div
      className="resource-meta-mobile"
    >
      <Resource.Meta
        layout="secondary"
        resource={
          Object {
            "attributes": Object {
              "abilities": Object {
                "create": true,
                "createEntitlements": true,
                "createPermissions": true,
                "createResourceCollections": true,
                "createResources": true,
                "createTexts": true,
                "createTwitterQueries": true,
                "delete": true,
                "manageEntitlements": true,
                "manageEvents": true,
                "managePermissions": true,
                "manageResourceCollections": true,
                "manageResources": true,
                "manageSocials": true,
                "manageTexts": true,
                "manageTwitterQueries": true,
                "read": true,
                "readDeleted": true,
                "readDrafts": true,
                "readLog": true,
                "readSecrets": true,
                "update": true,
                "updateMakers": true,
              },
              "attachmentStyles": Object {
                "medium": null,
                "mediumSquare": "original-image.mock",
                "original": "original-image.mock",
              },
              "captionFormatted": "World's Greatest Dog",
              "createdAt": "2017-04-24T23:25:50.161Z",
              "descriptionFormatted": "Black and white freckles",
              "downloadable": true,
              "kind": "image",
              "metadata": Object {
                "abstract": "some-value",
                "archive": "some-value",
                "archiveLocation": "some-value",
                "archivePlace": "some-value",
                "authority": "some-value",
                "callNumber": "some-value",
                "chapterNumber": "some-value",
                "collectionNumber": "some-value",
                "collectionTitle": "some-value",
                "containerTitle": "some-value",
                "dimensions": "some-value",
                "edition": "some-value",
                "event": "some-value",
                "eventPlace": "some-value",
                "isbn": "some-value",
                "issn": "some-value",
                "issue": "some-value",
                "jurisdiction": "some-value",
                "medium": "some-value",
                "number": "some-value",
                "numberOfPages": "some-value",
                "numberOfVolumes": "some-value",
                "originalPublisher": "some-value",
                "originalPublisherPlace": "some-value",
                "originalTitle": "some-value",
                "pmcid": "some-value",
                "pmid": "some-value",
                "publisher": "some-value",
                "publisherPlace": "some-value",
                "reviewedTitle": "some-value",
                "section": "some-value",
                "version": "some-value",
                "volume": "some-value",
                "yearSuffix": "some-value",
              },
              "metadataFormatted": Object {
                "abstract": "some-value",
                "archive": "some-value",
                "archiveLocation": "some-value",
                "archivePlace": "some-value",
                "authority": "some-value",
                "callNumber": "some-value",
                "chapterNumber": "some-value",
                "collectionNumber": "some-value",
                "collectionTitle": "some-value",
                "containerTitle": "some-value",
                "dimensions": "some-value",
                "edition": "some-value",
                "event": "some-value",
                "eventPlace": "some-value",
                "isbn": "some-value",
                "issn": "some-value",
                "issue": "some-value",
                "jurisdiction": "some-value",
                "medium": "some-value",
                "number": "some-value",
                "numberOfPages": "some-value",
                "numberOfVolumes": "some-value",
                "originalPublisher": "some-value",
                "originalPublisherPlace": "some-value",
                "originalTitle": "some-value",
                "pmcid": "some-value",
                "pmid": "some-value",
                "publisher": "some-value",
                "publisherPlace": "some-value",
                "reviewedTitle": "some-value",
                "section": "some-value",
                "version": "some-value",
                "volume": "some-value",
                "yearSuffix": "some-value",
              },
              "projectSlug": "delegated-project-slug",
              "slug": "slug-AAAAAAAA-BBBB-CCCC-DDDD-EEEEEEEEEEEE",
              "tagList": Array [
                "dog",
                "puppy",
                "GOAT",
              ],
              "title": "Image",
              "titleFormatted": "Image",
            },
            "id": "AAAAAAAA-BBBB-CCCC-DDDD-EEEEEEEEEEEE",
            "relationships": Object {},
            "type": "resources",
          }
        }
        showIcon={true}
        showTags={true}
      />
    </div>
    <div
      className="resource-variants-mobile"
    >
      <Resource.VariantList
        resource={
          Object {
            "attributes": Object {
              "abilities": Object {
                "create": true,
                "createEntitlements": true,
                "createPermissions": true,
                "createResourceCollections": true,
                "createResources": true,
                "createTexts": true,
                "createTwitterQueries": true,
                "delete": true,
                "manageEntitlements": true,
                "manageEvents": true,
                "managePermissions": true,
                "manageResourceCollections": true,
                "manageResources": true,
                "manageSocials": true,
                "manageTexts": true,
                "manageTwitterQueries": true,
                "read": true,
                "readDeleted": true,
                "readDrafts": true,
                "readLog": true,
                "readSecrets": true,
                "update": true,
                "updateMakers": true,
              },
              "attachmentStyles": Object {
                "medium": null,
                "mediumSquare": "original-image.mock",
                "original": "original-image.mock",
              },
              "captionFormatted": "World's Greatest Dog",
              "createdAt": "2017-04-24T23:25:50.161Z",
              "descriptionFormatted": "Black and white freckles",
              "downloadable": true,
              "kind": "image",
              "metadata": Object {
                "abstract": "some-value",
                "archive": "some-value",
                "archiveLocation": "some-value",
                "archivePlace": "some-value",
                "authority": "some-value",
                "callNumber": "some-value",
                "chapterNumber": "some-value",
                "collectionNumber": "some-value",
                "collectionTitle": "some-value",
                "containerTitle": "some-value",
                "dimensions": "some-value",
                "edition": "some-value",
                "event": "some-value",
                "eventPlace": "some-value",
                "isbn": "some-value",
                "issn": "some-value",
                "issue": "some-value",
                "jurisdiction": "some-value",
                "medium": "some-value",
                "number": "some-value",
                "numberOfPages": "some-value",
                "numberOfVolumes": "some-value",
                "originalPublisher": "some-value",
                "originalPublisherPlace": "some-value",
                "originalTitle": "some-value",
                "pmcid": "some-value",
                "pmid": "some-value",
                "publisher": "some-value",
                "publisherPlace": "some-value",
                "reviewedTitle": "some-value",
                "section": "some-value",
                "version": "some-value",
                "volume": "some-value",
                "yearSuffix": "some-value",
              },
              "metadataFormatted": Object {
                "abstract": "some-value",
                "archive": "some-value",
                "archiveLocation": "some-value",
                "archivePlace": "some-value",
                "authority": "some-value",
                "callNumber": "some-value",
                "chapterNumber": "some-value",
                "collectionNumber": "some-value",
                "collectionTitle": "some-value",
                "containerTitle": "some-value",
                "dimensions": "some-value",
                "edition": "some-value",
                "event": "some-value",
                "eventPlace": "some-value",
                "isbn": "some-value",
                "issn": "some-value",
                "issue": "some-value",
                "jurisdiction": "some-value",
                "medium": "some-value",
                "number": "some-value",
                "numberOfPages": "some-value",
                "numberOfVolumes": "some-value",
                "originalPublisher": "some-value",
                "originalPublisherPlace": "some-value",
                "originalTitle": "some-value",
                "pmcid": "some-value",
                "pmid": "some-value",
                "publisher": "some-value",
                "publisherPlace": "some-value",
                "reviewedTitle": "some-value",
                "section": "some-value",
                "version": "some-value",
                "volume": "some-value",
                "yearSuffix": "some-value",
              },
              "projectSlug": "delegated-project-slug",
              "slug": "slug-AAAAAAAA-BBBB-CCCC-DDDD-EEEEEEEEEEEE",
              "tagList": Array [
                "dog",
                "puppy",
                "GOAT",
              ],
              "title": "Image",
              "titleFormatted": "Image",
            },
            "id": "AAAAAAAA-BBBB-CCCC-DDDD-EEEEEEEEEEEE",
            "relationships": Object {},
            "type": "resources",
          }
        }
      />
    </div>
    <div
      className="resource-content left"
    >
      <div
        dangerouslySetInnerHTML={
          Object {
            "__html": "World's Greatest Dog",
          }
        }
      />
      <h2
        className="attribute-header"
      >
        Full Description
      </h2>
      <div
        dangerouslySetInnerHTML={
          Object {
            "__html": "Black and white freckles",
          }
        }
      />
      <div
        className="resource-comments"
      />
    </div>
  </div>
</section>
`;
