// Jest Snapshot v1, https://goo.gl/fbAQLP

exports[`backend/components/project-collection/AddButton matches the snapshot 1`] = `
<Fragment>
  <button
    className="sr-collecting-toggle screen-reader-text"
    onClick={[Function]}
  >
    Include Rowan Test
  </button>
  <button
    aria-hidden="true"
    className="collecting-toggle collecting-toggle--small-project-cover"
    onClick={[Function]}
    onMouseEnter={[Function]}
    onMouseLeave={[Function]}
    tabIndex={-1}
  >
    <div
      aria-hidden="true"
      className="collecting-toggle__inner collecting-toggle__inner--add"
    >
      <div
        className="collecting-toggle__icons"
      >
        <IconComposer
          fill="currentColor"
          icon="MinusUnique"
          iconClass="collecting-toggle__icon collecting-toggle__icon--remove"
          size={28}
          svgProps={
            Object {
              "aria-hidden": true,
            }
          }
        />
        <IconComposer
          fill="currentColor"
          icon="CheckUnique"
          iconClass="collecting-toggle__icon collecting-toggle__icon--confirm"
          size={28}
          svgProps={
            Object {
              "aria-hidden": true,
            }
          }
        />
        <IconComposer
          fill="currentColor"
          icon="PlusUnique"
          iconClass="collecting-toggle__icon collecting-toggle__icon--add"
          size={28}
          svgProps={
            Object {
              "aria-hidden": true,
            }
          }
        />
      </div>
      <TransitionGroup
        childFactory={[Function]}
        component="div"
      >
        <Component
          classNames="collecting-toggle__text"
          key="empty"
          mountOnEnter={true}
        >
          <span
            className="collecting-toggle__text"
          />
        </Component>
      </TransitionGroup>
    </div>
  </button>
</Fragment>
`;
