// Jest Snapshot v1, https://goo.gl/fbAQLP

exports[`backend/components/project-collection/SortBy matches the snapshot 1`] = `
<Wrapper>
  <Instructions>
    backend.forms.project_collection.order_manually_instructions
  </Instructions>
  <Toggle>
    <Label
      as="div"
      label="backend.forms.project_collection.order_manually"
    />
    <div
      className="toggle-indicator"
    >
      <Toggle
        $checked={true}
        aria-pressed={true}
        as="div"
        onClick={[Function]}
        role="button"
        tabIndex="0"
      >
        <span
          className="screen-reader-text"
        >
          backend.forms.project_collection.order_collection_manually
        </span>
      </Toggle>
    </div>
  </Toggle>
</Wrapper>
`;
