// Jest Snapshot v1, https://goo.gl/fbAQLP

exports[`Backend Settings Wrapper Container renders correctly 1`] = `
<section>
  <div>
    <nav
      aria-label="Secondary Navigation"
      className="secondary-nav"
    >
      <ul>
        <li>
          <a
            aria-current={null}
            href="/backend/settings/general"
            onClick={[Function]}
          >
            General
          </a>
        </li>
        <li>
          <a
            aria-current={null}
            href="/backend/settings/theme"
            onClick={[Function]}
          >
            Theme
          </a>
        </li>
        <li>
          <a
            aria-current={null}
            href="/backend/settings/integrations"
            onClick={[Function]}
          >
            Integrations
          </a>
        </li>
        <li>
          <a
            aria-current={null}
            href="/backend/settings/subjects"
            onClick={[Function]}
          >
            Subjects
          </a>
        </li>
        <li>
          <a
            aria-current={null}
            href="/backend/settings/email"
            onClick={[Function]}
          >
            Email
          </a>
        </li>
      </ul>
    </nav>
  </div>
  <div
    className="backend-detail"
  >
    <div
      className="panel"
    />
  </div>
</section>
`;
